// Jest Snapshot v1, https://goo.gl/fbAQLP

exports[`Storyshots Flex default 1`] = `
<div
  className="sc-bdVaJa sc-bwzfXH hKiLMS"
>
  <div
    className="sc-bdVaJa bDWFJH"
  >
    Hello
  </div>
  <div
    className="sc-bdVaJa bDWFJH"
  >
    from
  </div>
  <div
    className="sc-bdVaJa bDWFJH"
  >
    react-flexer
  </div>
</div>
`;
